#! /c/Source/iverilog-install/bin/vvp
:ivl_version "12.0 (devel)" "(s20150603-1110-g18392a46)";
:ivl_delay_selection "TYPICAL";
:vpi_time_precision + 0;
:vpi_module "C:\iverilog\lib\ivl\system.vpi";
:vpi_module "C:\iverilog\lib\ivl\vhdl_sys.vpi";
:vpi_module "C:\iverilog\lib\ivl\vhdl_textio.vpi";
:vpi_module "C:\iverilog\lib\ivl\v2005_math.vpi";
:vpi_module "C:\iverilog\lib\ivl\va_math.vpi";
S_000001d65faf54a0 .scope module, "tb" "tb" 2 1;
 .timescale 0 0;
v000001d65faf57c0_0 .var "a", 3 0;
v000001d65faf5860_0 .var "b", 3 0;
v000001d65fb3b840_0 .net "sum", 4 0, L_000001d65faf3d70;  1 drivers
S_000001d65faf5630 .scope module, "uut" "adder" 2 7, 3 1 0, S_000001d65faf54a0;
 .timescale 0 0;
    .port_info 0 /INPUT 4 "a";
    .port_info 1 /INPUT 4 "b";
    .port_info 2 /OUTPUT 5 "sum";
v000001d65fac33f0_0 .net *"_ivl_0", 4 0, L_000001d65fb3b8e0;  1 drivers
L_000001d65fb3b988 .functor BUFT 1, C4<0>, C4<0>, C4<0>, C4<0>;
v000001d65fac2d30_0 .net *"_ivl_3", 0 0, L_000001d65fb3b988;  1 drivers
v000001d65fac2910_0 .net *"_ivl_4", 4 0, L_000001d65faf3cd0;  1 drivers
L_000001d65fb3b9d0 .functor BUFT 1, C4<0>, C4<0>, C4<0>, C4<0>;
v000001d65fc79a40_0 .net *"_ivl_7", 0 0, L_000001d65fb3b9d0;  1 drivers
v000001d65fc79ae0_0 .net "a", 3 0, v000001d65faf57c0_0;  1 drivers
v000001d65fc7bd00_0 .net "b", 3 0, v000001d65faf5860_0;  1 drivers
v000001d65fc7bda0_0 .net "sum", 4 0, L_000001d65faf3d70;  alias, 1 drivers
L_000001d65fb3b8e0 .concat [ 4 1 0 0], v000001d65faf57c0_0, L_000001d65fb3b988;
L_000001d65faf3cd0 .concat [ 4 1 0 0], v000001d65faf5860_0, L_000001d65fb3b9d0;
L_000001d65faf3d70 .arith/sum 5, L_000001d65fb3b8e0, L_000001d65faf3cd0;
    .scope S_000001d65faf54a0;
T_0 ;
    %vpi_call 2 15 "$dumpfile", "output.vcd" {0 0 0};
    %vpi_call 2 16 "$dumpvars", 32'sb00000000000000000000000000000000, S_000001d65faf54a0 {0 0 0};
    %pushi/vec4 0, 0, 4;
    %store/vec4 v000001d65faf57c0_0, 0, 4;
    %pushi/vec4 0, 0, 4;
    %store/vec4 v000001d65faf5860_0, 0, 4;
    %delay 5, 0;
    %pushi/vec4 3, 0, 4;
    %store/vec4 v000001d65faf57c0_0, 0, 4;
    %pushi/vec4 2, 0, 4;
    %store/vec4 v000001d65faf5860_0, 0, 4;
    %delay 5, 0;
    %pushi/vec4 7, 0, 4;
    %store/vec4 v000001d65faf57c0_0, 0, 4;
    %pushi/vec4 1, 0, 4;
    %store/vec4 v000001d65faf5860_0, 0, 4;
    %delay 5, 0;
    %pushi/vec4 15, 0, 4;
    %store/vec4 v000001d65faf57c0_0, 0, 4;
    %pushi/vec4 1, 0, 4;
    %store/vec4 v000001d65faf5860_0, 0, 4;
    %delay 5, 0;
    %vpi_call 2 31 "$finish" {0 0 0};
    %end;
    .thread T_0;
# The file index is used to find the file name in the following table.
:file_names 4;
    "N/A";
    "<interactive>";
    "testbench.v";
    "module.v";
