#! /c/Source/iverilog-install/bin/vvp
:ivl_version "12.0 (devel)" "(s20150603-1110-g18392a46)";
:ivl_delay_selection "TYPICAL";
:vpi_time_precision + 0;
:vpi_module "C:\iverilog\lib\ivl\system.vpi";
:vpi_module "C:\iverilog\lib\ivl\vhdl_sys.vpi";
:vpi_module "C:\iverilog\lib\ivl\vhdl_textio.vpi";
:vpi_module "C:\iverilog\lib\ivl\v2005_math.vpi";
:vpi_module "C:\iverilog\lib\ivl\va_math.vpi";
S_000002ed6dbf2720 .scope module, "adder" "adder" 2 1;
 .timescale 0 0;
    .port_info 0 /INPUT 4 "a";
    .port_info 1 /INPUT 4 "b";
    .port_info 2 /OUTPUT 5 "sum";
v000002ed6dc26f30_0 .net *"_ivl_0", 4 0, L_000002ed6dd6e480;  1 drivers
L_000002ed6dc67c38 .functor BUFT 1, C4<0>, C4<0>, C4<0>, C4<0>;
v000002ed6dbf2f40_0 .net *"_ivl_3", 0 0, L_000002ed6dc67c38;  1 drivers
v000002ed6dbf28b0_0 .net *"_ivl_4", 4 0, L_000002ed6dd6e520;  1 drivers
L_000002ed6dc67c80 .functor BUFT 1, C4<0>, C4<0>, C4<0>, C4<0>;
v000002ed6dbf2950_0 .net *"_ivl_7", 0 0, L_000002ed6dc67c80;  1 drivers
o000002ed6dc27098 .functor BUFZ 4, C4<zzzz>; HiZ drive
v000002ed6dbf29f0_0 .net "a", 3 0, o000002ed6dc27098;  0 drivers
o000002ed6dc270c8 .functor BUFZ 4, C4<zzzz>; HiZ drive
v000002ed6dbf2a90_0 .net "b", 3 0, o000002ed6dc270c8;  0 drivers
v000002ed6dbf2b30_0 .net "sum", 4 0, L_000002ed6dd6e5c0;  1 drivers
L_000002ed6dd6e480 .concat [ 4 1 0 0], o000002ed6dc27098, L_000002ed6dc67c38;
L_000002ed6dd6e520 .concat [ 4 1 0 0], o000002ed6dc270c8, L_000002ed6dc67c80;
L_000002ed6dd6e5c0 .arith/sum 5, L_000002ed6dd6e480, L_000002ed6dd6e520;
# The file index is used to find the file name in the following table.
:file_names 3;
    "N/A";
    "<interactive>";
    "module.v";
